
┌─────────────────────────────────────────────────────────┐
│ A new version of Flutter is available!                  │
│                                                         │
│ To update to the latest version, run "flutter upgrade". │
└─────────────────────────────────────────────────────────┘
Running Gradle task 'assembleRelease'...                        
WARNING: A restricted method in java.lang.System has been called
WARNING: java.lang.System::load has been called by net.rubygrapefruit.platform.internal.NativeLibraryLoader in an unnamed module (file:/C:/Users/PC3/.gradle/wrapper/dists/gradle-9.1.0-all/7wzd0jkjit61aq2p43wpjgij9/gradle-9.1.0/lib/native-platform-0.22-milestone-28.jar)
WARNING: Use --enable-native-access=ALL-UNNAMED to avoid a warning for callers in this module
WARNING: Restricted methods will be blocked in a future release unless native access is enabled

WARNING: Your app uses the following plugins that apply Kotlin Gradle Plugin (KGP): mobile_scanner
Future versions of Flutter will fail to build if your app uses plugins that apply KGP.

Please check the changelogs of these plugins and upgrade to a version that supports Built-in Kotlin.
If no such version exists, report the issue to the plugin. If necessary, here is a guide on filing 
an issue against a plugin: https://docs.flutter.dev/release/breaking-changes/migrate-to-built-in-kotlin/for-app-developers#report-incompatible-kotlin-gradle-plugin-usage-to-plugin-authors

If you are a plugin author, please migrate your plugin to Built-in Kotlin using this guide: https://docs.flutter.dev/release/breaking-changes/migrate-to-built-in-kotlin/for-plugin-authors

FAILURE: Build failed with an exception.

* What went wrong:
Execution failed for task ':image_picker_android:verifyReleaseResources'.
> A failure occurred while executing com.android.build.gradle.tasks.VerifyLibraryResourcesTask$Action
   > Android resource linking failed
     ERROR: C:\Users\PC3\Desktop\invoice-flutter\build\image_picker_android\intermediates\merged_res\release\mergeReleaseResources\drawable\notification_action_background.xml:19: AAPT: error: resource color/androidx_core_ripple_material_light (aka io.flutter.plugins.imagepicker:color/androidx_core_ripple_material_light) not found.

     ERROR: C:\Users\PC3\Desktop\invoice-flutter\build\image_picker_android\intermediates\merged_res\release\mergeReleaseResources\drawable\notification_action_background.xml:25: AAPT: error: resource dimen/compat_button_inset_horizontal_material (aka io.flutter.plugins.imagepicker:dimen/compat_button_inset_horizontal_material) not found.

     ERROR: C:\Users\PC3\Desktop\invoice-flutter\build\image_picker_android\intermediates\merged_res\release\mergeReleaseResources\drawable\notification_action_background.xml:25: AAPT: error: resource dimen/compat_button_inset_vertical_material (aka io.flutter.plugins.imagepicker:dimen/compat_button_inset_vertical_material) not found.

     ERROR: C:\Users\PC3\Desktop\invoice-flutter\build\image_picker_android\intermediates\merged_res\release\mergeReleaseResources\drawable\notification_action_background.xml:27: AAPT: error: resource dimen/compat_control_corner_material (aka io.flutter.plugins.imagepicker:dimen/compat_control_corner_material) not found.

     ERROR: C:\Users\PC3\Desktop\invoice-flutter\build\image_picker_android\intermediates\merged_res\release\mergeReleaseResources\drawable\notification_action_background.xml:32: AAPT: error: resource dimen/compat_button_padding_vertical_material (aka io.flutter.plugins.imagepicker:dimen/compat_button_padding_vertical_material) not found.

     ERROR: C:\Users\PC3\Desktop\invoice-flutter\build\image_picker_android\intermediates\merged_res\release\mergeReleaseResources\drawable\notification_action_background.xml:32: AAPT: error: resource dimen/compat_button_padding_horizontal_material (aka io.flutter.plugins.imagepicker:dimen/compat_button_padding_horizontal_material) not found.

     ERROR: C:\Users\PC3\Desktop\invoice-flutter\build\image_picker_android\intermediates\merged_res\release\mergeReleaseResources\drawable\notification_icon_background.xml:21: AAPT: error: resource color/notification_icon_bg_color (aka io.flutter.plugins.imagepicker:color/notification_icon_bg_color) not found.

     ERROR: C:\Users\PC3\Desktop\invoice-flutter\build\image_picker_android\intermediates\merged_res\release\mergeReleaseResources\layout\notification_action.xml:24: AAPT: error: resource style/Widget.Compat.NotificationActionContainer (aka io.flutter.plugins.imagepicker:style/Widget.Compat.NotificationActionContainer) not found.

     ERROR: C:\Users\PC3\Desktop\invoice-flutter\build\image_picker_android\intermediates\merged_res\release\mergeReleaseResources\layout\notification_action.xml:30: AAPT: error: resource dimen/notification_action_icon_size (aka io.flutter.plugins.imagepicker:dimen/notification_action_icon_size) not found.

     ERROR: C:\Users\PC3\Desktop\invoice-flutter\build\image_picker_android\intermediates\merged_res\release\mergeReleaseResources\layout\notification_action.xml:40: AAPT: error: resource style/Widget.Compat.NotificationActionText (aka io.flutter.plugins.imagepicker:style/Widget.Compat.NotificationActionText) not found.

     ERROR: C:\Users\PC3\Desktop\invoice-flutter\build\image_picker_android\intermediates\merged_res\release\mergeReleaseResources\layout\notification_action_tombstone.xml:27: AAPT: error: resource style/Widget.Compat.NotificationActionContainer (aka io.flutter.plugins.imagepicker:style/Widget.Compat.NotificationActionContainer) not found.

     ERROR: C:\Users\PC3\Desktop\invoice-flutter\build\image_picker_android\intermediates\merged_res\release\mergeReleaseResources\layout\notification_action_tombstone.xml:35: AAPT: error: resource dimen/notification_action_icon_size (aka io.flutter.plugins.imagepicker:dimen/notification_action_icon_size) not found.

     ERROR: C:\Users\PC3\Desktop\invoice-flutter\build\image_picker_android\intermediates\merged_res\release\mergeReleaseResources\layout\notification_action_tombstone.xml:47: AAPT: error: resource style/Widget.Compat.NotificationActionText (aka io.flutter.plugins.imagepicker:style/Widget.Compat.NotificationActionText) not found.

     ERROR: C:\Users\PC3\Desktop\invoice-flutter\build\image_picker_android\intermediates\merged_res\release\mergeReleaseResources\layout\notification_template_custom_big.xml:25: AAPT: error: resource dimen/notification_large_icon_width (aka io.flutter.plugins.imagepicker:dimen/notification_large_icon_width) not found.


* Try:
> Run with --stacktrace option to get the stack trace.
> Run with --info or --debug option to get more log output.
> Run with --scan to generate a Build Scan (Powered by Develocity).
> Get more help at https://help.gradle.org.

BUILD FAILED in 5m 8s
Running Gradle task 'assembleRelease'...                          310.9s
Gradle task assembleRelease failed with exit code 1
